2025-10-13 21:57:39,811 - enhanced_telegram_automation - INFO - Created default configuration file: telegram_config.ini
2025-10-13 21:57:39,812 - enhanced_telegram_automation - INFO - Loaded 1 accounts from configuration
2025-10-13 21:57:39,812 - enhanced_telegram_automation - INFO - Smart delays: True, Operation delays: {'scrape': (0.1, 0.1), 'invite': (0.1, 0.1), 'message': (0.1, 0.1)}
2025-10-13 21:57:40,387 - matplotlib.category - INFO - Using categorical units to plot a list of strings that are all parsable as floats or dates. If these strings should be plotted as numbers, cast to the appropriate data type before plotting.
2025-10-13 21:57:40,389 - matplotlib.category - INFO - Using categorical units to plot a list of strings that are all parsable as floats or dates. If these strings should be plotted as numbers, cast to the appropriate data type before plotting.
2025-10-13 21:57:40,390 - matplotlib.category - INFO - Using categorical units to plot a list of strings that are all parsable as floats or dates. If these strings should be plotted as numbers, cast to the appropriate data type before plotting.
2025-10-13 21:57:40,391 - matplotlib.category - INFO - Using categorical units to plot a list of strings that are all parsable as floats or dates. If these strings should be plotted as numbers, cast to the appropriate data type before plotting.
2025-10-13 21:57:40,392 - matplotlib.category - INFO - Using categorical units to plot a list of strings that are all parsable as floats or dates. If these strings should be plotted as numbers, cast to the appropriate data type before plotting.
2025-10-13 21:57:40,395 - matplotlib.category - INFO - Using categorical units to plot a list of strings that are all parsable as floats or dates. If these strings should be plotted as numbers, cast to the appropriate data type before plotting.
2025-10-13 21:57:58,313 - telethon.network.mtprotosender - INFO - Connecting to 149.154.167.51:443/TcpFull...
2025-10-13 21:57:59,593 - telethon.network.mtprotosender - INFO - Connection to 149.154.167.51:443/TcpFull complete!
2025-10-13 21:58:04,750 - telethon.client.users - INFO - Phone migrated to 4
2025-10-13 21:58:04,751 - telethon.client.telegrambaseclient - INFO - Reconnecting to new data center 4
2025-10-13 21:58:04,812 - telethon.network.mtprotosender - INFO - Disconnecting from 149.154.167.51:443/TcpFull...
2025-10-13 21:58:04,813 - telethon.network.mtprotosender - INFO - Disconnection from 149.154.167.51:443/TcpFull complete!
2025-10-13 21:58:04,814 - telethon.network.mtprotosender - INFO - Connecting to 149.154.167.92:443/TcpFull...
2025-10-13 21:58:06,167 - telethon.network.mtprotosender - INFO - Connection to 149.154.167.92:443/TcpFull complete!
2025-10-13 21:58:33,389 - telethon.network.mtprotosender - INFO - Connecting to 149.154.167.92:443/TcpFull...
2025-10-13 21:58:33,438 - telethon.network.mtprotosender - INFO - Connection to 149.154.167.92:443/TcpFull complete!
2025-10-13 21:59:01,282 - telethon.network.mtprotosender - INFO - Disconnecting from 149.154.167.92:443/TcpFull...
2025-10-13 21:59:01,282 - telethon.network.mtprotosender - INFO - Disconnection from 149.154.167.92:443/TcpFull complete!
2025-10-13 21:59:36,869 - telethon.network.mtprotosender - INFO - Connecting to 149.154.167.92:443/TcpFull...
2025-10-13 21:59:36,907 - telethon.network.mtprotosender - INFO - Connection to 149.154.167.92:443/TcpFull complete!
2025-10-13 21:59:37,093 - telethon.network.mtprotosender - INFO - Disconnecting from 149.154.167.92:443/TcpFull...
2025-10-13 21:59:37,093 - telethon.network.mtprotosender - INFO - Disconnection from 149.154.167.92:443/TcpFull complete!
2025-10-13 22:00:46,531 - enhanced_telegram_automation - INFO - Loaded 1 accounts from configuration
2025-10-13 22:00:46,531 - enhanced_telegram_automation - INFO - Smart delays: True, Operation delays: {'scrape': (0.1, 0.1), 'invite': (0.1, 0.1), 'message': (0.1, 0.1)}
2025-10-13 22:00:47,087 - matplotlib.category - INFO - Using categorical units to plot a list of strings that are all parsable as floats or dates. If these strings should be plotted as numbers, cast to the appropriate data type before plotting.
2025-10-13 22:00:47,088 - matplotlib.category - INFO - Using categorical units to plot a list of strings that are all parsable as floats or dates. If these strings should be plotted as numbers, cast to the appropriate data type before plotting.
2025-10-13 22:00:47,090 - matplotlib.category - INFO - Using categorical units to plot a list of strings that are all parsable as floats or dates. If these strings should be plotted as numbers, cast to the appropriate data type before plotting.
2025-10-13 22:00:47,091 - matplotlib.category - INFO - Using categorical units to plot a list of strings that are all parsable as floats or dates. If these strings should be plotted as numbers, cast to the appropriate data type before plotting.
2025-10-13 22:00:47,092 - matplotlib.category - INFO - Using categorical units to plot a list of strings that are all parsable as floats or dates. If these strings should be plotted as numbers, cast to the appropriate data type before plotting.
2025-10-13 22:00:47,093 - matplotlib.category - INFO - Using categorical units to plot a list of strings that are all parsable as floats or dates. If these strings should be plotted as numbers, cast to the appropriate data type before plotting.
2025-10-13 22:01:00,141 - telethon.network.mtprotosender - INFO - Connecting to 149.154.167.92:443/TcpFull...
2025-10-13 22:01:00,177 - telethon.network.mtprotosender - INFO - Connection to 149.154.167.92:443/TcpFull complete!
2025-10-13 22:01:30,125 - telethon.network.mtprotosender - INFO - Disconnecting from 149.154.167.92:443/TcpFull...
2025-10-13 22:01:30,126 - telethon.network.mtprotosender - INFO - Disconnection from 149.154.167.92:443/TcpFull complete!
2025-10-13 22:01:37,925 - telethon.network.mtprotosender - INFO - Connecting to 149.154.167.92:443/TcpFull...
2025-10-13 22:01:37,971 - telethon.network.mtprotosender - INFO - Connection to 149.154.167.92:443/TcpFull complete!
2025-10-13 22:02:06,912 - telethon.network.mtprotosender - INFO - Disconnecting from 149.154.167.92:443/TcpFull...
2025-10-13 22:02:06,912 - telethon.network.mtprotosender - INFO - Disconnection from 149.154.167.92:443/TcpFull complete!
2025-10-13 22:02:13,339 - telethon.network.mtprotosender - INFO - Connecting to 149.154.167.92:443/TcpFull...
2025-10-13 22:02:13,383 - telethon.network.mtprotosender - INFO - Connection to 149.154.167.92:443/TcpFull complete!
2025-10-13 22:02:13,716 - telethon.network.mtprotosender - INFO - Disconnecting from 149.154.167.92:443/TcpFull...
2025-10-13 22:02:13,717 - telethon.network.mtprotosender - INFO - Disconnection from 149.154.167.92:443/TcpFull complete!
2025-10-13 22:04:22,375 - enhanced_telegram_automation - INFO - Active profile set to Aggressive: delays={'scrape': (8, 16), 'invite': (20, 40), 'message': (6, 14)}, scrape_batch=300
2025-10-13 22:04:22,505 - telethon.network.mtprotosender - INFO - Connecting to 149.154.167.92:443/TcpFull...
2025-10-13 22:04:22,551 - telethon.network.mtprotosender - INFO - Connection to 149.154.167.92:443/TcpFull complete!
2025-10-13 22:04:22,996 - enhanced_telegram_automation - INFO - Successfully connected client: session1
2025-10-13 22:04:23,069 - enhanced_telegram_automation - INFO - Starting enhanced scraping from: Nordic Shop â€¢ Hele DK ðŸ‡©ðŸ‡°
2025-10-13 22:04:47,538 - enhanced_telegram_automation - INFO - Scraping completed: 478 members
2025-10-13 22:20:52,928 - telethon.network.mtprotosender - INFO - Connecting to 149.154.167.92:443/TcpFull...
2025-10-13 22:20:52,968 - telethon.network.mtprotosender - INFO - Connection to 149.154.167.92:443/TcpFull complete!
2025-10-13 22:20:56,302 - telethon.network.mtprotosender - INFO - Connecting to 149.154.167.92:443/TcpFull...
2025-10-13 22:20:56,349 - telethon.network.mtprotosender - INFO - Connection to 149.154.167.92:443/TcpFull complete!
2025-10-13 22:20:57,980 - telethon.network.mtprotosender - INFO - Disconnecting from 149.154.167.92:443/TcpFull...
2025-10-13 22:20:57,980 - telethon.network.mtprotosender - INFO - Disconnection from 149.154.167.92:443/TcpFull complete!
2025-10-13 22:21:05,080 - telethon.network.mtprotosender - INFO - Connecting to 149.154.167.92:443/TcpFull...
2025-10-13 22:21:05,126 - telethon.network.mtprotosender - INFO - Connection to 149.154.167.92:443/TcpFull complete!
2025-10-13 22:21:10,137 - telethon.network.mtprotosender - INFO - Disconnecting from 149.154.167.92:443/TcpFull...
2025-10-13 22:21:10,141 - telethon.network.mtprotosender - INFO - Disconnection from 149.154.167.92:443/TcpFull complete!
2025-10-13 22:21:10,580 - telethon.network.mtprotosender - INFO - Connecting to 149.154.167.92:443/TcpFull...
2025-10-13 22:21:10,626 - telethon.network.mtprotosender - INFO - Connection to 149.154.167.92:443/TcpFull complete!
2025-10-13 22:21:15,636 - telethon.network.mtprotosender - INFO - Disconnecting from 149.154.167.92:443/TcpFull...
2025-10-13 22:21:15,637 - telethon.network.mtprotosender - INFO - Disconnection from 149.154.167.92:443/TcpFull complete!
2025-10-13 22:32:22,019 - enhanced_telegram_automation - INFO - Loaded 1 accounts from configuration
2025-10-13 22:32:22,020 - enhanced_telegram_automation - INFO - Smart delays: True, Operation delays: {'scrape': (0.1, 0.1), 'invite': (0.1, 0.1), 'message': (0.1, 0.1)}
2025-10-13 22:32:22,781 - matplotlib.category - INFO - Using categorical units to plot a list of strings that are all parsable as floats or dates. If these strings should be plotted as numbers, cast to the appropriate data type before plotting.
2025-10-13 22:32:22,784 - matplotlib.category - INFO - Using categorical units to plot a list of strings that are all parsable as floats or dates. If these strings should be plotted as numbers, cast to the appropriate data type before plotting.
2025-10-13 22:32:22,785 - matplotlib.category - INFO - Using categorical units to plot a list of strings that are all parsable as floats or dates. If these strings should be plotted as numbers, cast to the appropriate data type before plotting.
2025-10-13 22:32:22,787 - matplotlib.category - INFO - Using categorical units to plot a list of strings that are all parsable as floats or dates. If these strings should be plotted as numbers, cast to the appropriate data type before plotting.
2025-10-13 22:32:22,787 - matplotlib.category - INFO - Using categorical units to plot a list of strings that are all parsable as floats or dates. If these strings should be plotted as numbers, cast to the appropriate data type before plotting.
2025-10-13 22:32:22,790 - matplotlib.category - INFO - Using categorical units to plot a list of strings that are all parsable as floats or dates. If these strings should be plotted as numbers, cast to the appropriate data type before plotting.
2025-10-14 00:36:35,038 - enhanced_telegram_automation - INFO - Loaded 1 accounts from configuration
2025-10-14 00:36:35,038 - enhanced_telegram_automation - INFO - Smart delays: True, Operation delays: {'scrape': (0.1, 0.1), 'invite': (0.1, 0.1), 'message': (0.1, 0.1)}
2025-10-14 00:36:50,116 - enhanced_telegram_automation - INFO - Loaded 1 accounts from configuration
2025-10-14 00:36:50,116 - enhanced_telegram_automation - INFO - Smart delays: True, Operation delays: {'scrape': (0.1, 0.1), 'invite': (0.1, 0.1), 'message': (0.1, 0.1)}
2025-10-14 00:36:50,357 - matplotlib.category - INFO - Using categorical units to plot a list of strings that are all parsable as floats or dates. If these strings should be plotted as numbers, cast to the appropriate data type before plotting.
2025-10-14 00:36:50,358 - matplotlib.category - INFO - Using categorical units to plot a list of strings that are all parsable as floats or dates. If these strings should be plotted as numbers, cast to the appropriate data type before plotting.
2025-10-14 00:36:50,359 - matplotlib.category - INFO - Using categorical units to plot a list of strings that are all parsable as floats or dates. If these strings should be plotted as numbers, cast to the appropriate data type before plotting.
2025-10-14 00:36:50,359 - matplotlib.category - INFO - Using categorical units to plot a list of strings that are all parsable as floats or dates. If these strings should be plotted as numbers, cast to the appropriate data type before plotting.
2025-10-14 00:36:50,360 - matplotlib.category - INFO - Using categorical units to plot a list of strings that are all parsable as floats or dates. If these strings should be plotted as numbers, cast to the appropriate data type before plotting.
2025-10-14 00:36:50,361 - matplotlib.category - INFO - Using categorical units to plot a list of strings that are all parsable as floats or dates. If these strings should be plotted as numbers, cast to the appropriate data type before plotting.
2025-10-14 00:38:18,371 - telethon.network.mtprotosender - INFO - Connecting to 149.154.167.92:443/TcpFull...
2025-10-14 00:38:18,405 - telethon.network.mtprotosender - INFO - Connection to 149.154.167.92:443/TcpFull complete!
2025-10-14 00:38:18,601 - telethon.network.mtprotosender - INFO - Disconnecting from 149.154.167.92:443/TcpFull...
2025-10-14 00:38:18,602 - telethon.network.mtprotosender - INFO - Disconnection from 149.154.167.92:443/TcpFull complete!
2025-10-14 00:38:21,340 - telethon.network.mtprotosender - INFO - Connecting to 149.154.167.92:443/TcpFull...
2025-10-14 00:38:21,374 - telethon.network.mtprotosender - INFO - Connection to 149.154.167.92:443/TcpFull complete!
2025-10-14 00:38:21,602 - telethon.network.mtprotosender - INFO - Disconnecting from 149.154.167.92:443/TcpFull...
2025-10-14 00:38:21,602 - telethon.network.mtprotosender - INFO - Disconnection from 149.154.167.92:443/TcpFull complete!
2025-10-14 00:41:08,427 - enhanced_telegram_automation - INFO - Active profile set to Aggressive: delays={'scrape': (8, 16), 'invite': (20, 40), 'message': (6, 14)}, scrape_batch=300
2025-10-14 00:41:08,468 - telethon.network.mtprotosender - INFO - Connecting to 149.154.167.92:443/TcpFull...
2025-10-14 00:41:08,504 - telethon.network.mtprotosender - INFO - Connection to 149.154.167.92:443/TcpFull complete!
2025-10-14 00:41:08,766 - enhanced_telegram_automation - INFO - Successfully connected client: session1
2025-10-14 00:41:08,878 - enhanced_telegram_automation - INFO - Joined private group via invite link for scraping
2025-10-14 00:41:08,878 - enhanced_telegram_automation - INFO - Starting enhanced scraping from: Love Yourself
2025-10-14 00:41:08,936 - enhanced_telegram_automation - INFO - Scraping completed: 0 members
2025-10-14 00:41:52,013 - enhanced_telegram_automation - INFO - Active profile set to Aggressive: delays={'scrape': (8, 16), 'invite': (20, 40), 'message': (6, 14)}, scrape_batch=300
2025-10-14 00:41:52,039 - telethon.network.mtprotosender - INFO - Connecting to 149.154.167.92:443/TcpFull...
2025-10-14 00:41:52,070 - telethon.network.mtprotosender - INFO - Connection to 149.154.167.92:443/TcpFull complete!
2025-10-14 00:41:57,078 - enhanced_telegram_automation - ERROR - Failed to connect client session1: OperationalError('database is locked')
Traceback (most recent call last):
  File "/home/nike/Desktop/TELEGRAM MAIN/enhanced_telegram_automation.py", line 421, in get_client
    await client.connect()
  File "/home/nike/.local/lib/python3.13/site-packages/telethon/client/telegrambaseclient.py", line 563, in connect
    self.session.auth_key = self._sender.auth_key
    ^^^^^^^^^^^^^^^^^^^^^
  File "/home/nike/.local/lib/python3.13/site-packages/telethon/sessions/sqlite.py", line 180, in auth_key
    self._update_session_table()
    ~~~~~~~~~~~~~~~~~~~~~~~~~~^^
  File "/home/nike/.local/lib/python3.13/site-packages/telethon/sessions/sqlite.py", line 194, in _update_session_table
    c.execute('delete from sessions')
    ~~~~~~~~~^^^^^^^^^^^^^^^^^^^^^^^^
sqlite3.OperationalError: database is locked
2025-10-14 00:41:57,082 - telethon.network.mtprotosender - INFO - Disconnecting from 149.154.167.92:443/TcpFull...
2025-10-14 00:41:57,082 - telethon.network.mtprotosender - INFO - Disconnection from 149.154.167.92:443/TcpFull complete!
2025-10-14 00:41:57,099 - enhanced_telegram_automation - ERROR - Scraping failed: Exception('No available clients for scraping')
Traceback (most recent call last):
  File "/home/nike/Desktop/TELEGRAM MAIN/enhanced_telegram_automation.py", line 546, in enhanced_scrape_members
    raise Exception("No available clients for scraping")
Exception: No available clients for scraping
2025-10-14 00:42:20,418 - enhanced_telegram_automation - INFO - Active profile set to Aggressive: delays={'scrape': (8, 16), 'invite': (20, 40), 'message': (6, 14)}, scrape_batch=300
2025-10-14 00:42:20,461 - telethon.network.mtprotosender - INFO - Connecting to 149.154.167.92:443/TcpFull...
2025-10-14 00:42:20,495 - telethon.network.mtprotosender - INFO - Connection to 149.154.167.92:443/TcpFull complete!
2025-10-14 00:42:20,748 - enhanced_telegram_automation - INFO - Successfully connected client: session1
2025-10-14 00:42:20,792 - enhanced_telegram_automation - INFO - Starting enhanced scraping from: Love Yourself
2025-10-14 00:42:20,837 - enhanced_telegram_automation - INFO - Scraping completed: 0 members
2025-10-14 00:42:46,020 - enhanced_telegram_automation - INFO - Active profile set to Aggressive: delays={'scrape': (8, 16), 'invite': (20, 40), 'message': (6, 14)}, scrape_batch=300
2025-10-14 00:42:46,063 - telethon.network.mtprotosender - INFO - Connecting to 149.154.167.92:443/TcpFull...
2025-10-14 00:42:46,088 - telethon.network.mtprotosender - INFO - Connection to 149.154.167.92:443/TcpFull complete!
2025-10-14 00:42:51,096 - enhanced_telegram_automation - ERROR - Failed to connect client session1: OperationalError('database is locked')
Traceback (most recent call last):
  File "/home/nike/Desktop/TELEGRAM MAIN/enhanced_telegram_automation.py", line 421, in get_client
    await client.connect()
  File "/home/nike/.local/lib/python3.13/site-packages/telethon/client/telegrambaseclient.py", line 563, in connect
    self.session.auth_key = self._sender.auth_key
    ^^^^^^^^^^^^^^^^^^^^^
  File "/home/nike/.local/lib/python3.13/site-packages/telethon/sessions/sqlite.py", line 180, in auth_key
    self._update_session_table()
    ~~~~~~~~~~~~~~~~~~~~~~~~~~^^
  File "/home/nike/.local/lib/python3.13/site-packages/telethon/sessions/sqlite.py", line 194, in _update_session_table
    c.execute('delete from sessions')
    ~~~~~~~~~^^^^^^^^^^^^^^^^^^^^^^^^
sqlite3.OperationalError: database is locked
2025-10-14 00:42:51,099 - telethon.network.mtprotosender - INFO - Disconnecting from 149.154.167.92:443/TcpFull...
2025-10-14 00:42:51,099 - telethon.network.mtprotosender - INFO - Disconnection from 149.154.167.92:443/TcpFull complete!
2025-10-14 00:42:56,115 - enhanced_telegram_automation - ERROR - Scraping failed: Exception('No available clients for scraping')
Traceback (most recent call last):
  File "/home/nike/Desktop/TELEGRAM MAIN/enhanced_telegram_automation.py", line 546, in enhanced_scrape_members
    raise Exception("No available clients for scraping")
Exception: No available clients for scraping
2025-10-14 00:43:11,643 - telethon.network.mtprotosender - INFO - Connecting to 149.154.167.92:443/TcpFull...
2025-10-14 00:43:11,678 - telethon.network.mtprotosender - INFO - Connection to 149.154.167.92:443/TcpFull complete!
2025-10-14 00:43:16,687 - telethon.network.mtprotosender - INFO - Disconnecting from 149.154.167.92:443/TcpFull...
2025-10-14 00:43:16,688 - telethon.network.mtprotosender - INFO - Disconnection from 149.154.167.92:443/TcpFull complete!
2025-10-14 00:43:58,727 - telethon.network.mtprotosender - INFO - Connecting to 149.154.167.92:443/TcpFull...
2025-10-14 00:43:58,763 - telethon.network.mtprotosender - INFO - Connection to 149.154.167.92:443/TcpFull complete!
2025-10-14 00:44:02,288 - telethon.network.mtprotosender - INFO - Connecting to 149.154.167.92:443/TcpFull...
2025-10-14 00:44:02,324 - telethon.network.mtprotosender - INFO - Connection to 149.154.167.92:443/TcpFull complete!
2025-10-14 00:44:03,771 - telethon.network.mtprotosender - INFO - Disconnecting from 149.154.167.92:443/TcpFull...
2025-10-14 00:44:03,772 - telethon.network.mtprotosender - INFO - Disconnection from 149.154.167.92:443/TcpFull complete!
2025-10-14 00:44:09,418 - telethon.network.connection.connection - ERROR - Unexpected exception in the send loop
Traceback (most recent call last):
  File "/usr/lib/python3.13/asyncio/queues.py", line 186, in get
    await getter
GeneratorExit

During handling of the above exception, another exception occurred:

Traceback (most recent call last):
  File "/home/nike/.local/lib/python3.13/site-packages/telethon/network/connection/connection.py", line 322, in _send_loop
    self._send(await self._send_queue.get())
               ^^^^^^^^^^^^^^^^^^^^^^^^^^^^
  File "/usr/lib/python3.13/asyncio/queues.py", line 188, in get
    getter.cancel()  # Just in case getter is not done yet.
    ~~~~~~~~~~~~~^^
  File "/usr/lib/python3.13/asyncio/base_events.py", line 833, in call_soon
    self._check_closed()
    ~~~~~~~~~~~~~~~~~~^^
  File "/usr/lib/python3.13/asyncio/base_events.py", line 556, in _check_closed
    raise RuntimeError('Event loop is closed')
RuntimeError: Event loop is closed
2025-10-14 00:44:09,423 - asyncio - ERROR - Task was destroyed but it is pending!
task: <Task cancelling name='Task-59' coro=<Connection._send_loop() running at /home/nike/.local/lib/python3.13/site-packages/telethon/network/connection/connection.py:332> wait_for=<Future cancelled>>
2025-10-14 00:44:09,424 - asyncio - ERROR - Task was destroyed but it is pending!
task: <Task pending name='Task-60' coro=<Connection._recv_loop() done, defined at /home/nike/.local/lib/python3.13/site-packages/telethon/network/connection/connection.py:334> wait_for=<Future pending cb=[Task.task_wakeup()]>>
2025-10-14 00:44:09,424 - asyncio - ERROR - Task was destroyed but it is pending!
task: <Task pending name='Task-61' coro=<MTProtoSender._send_loop() done, defined at /home/nike/.local/lib/python3.13/site-packages/telethon/network/mtprotosender.py:446> wait_for=<Future pending cb=[Task.task_wakeup()]>>
2025-10-14 00:44:09,424 - telethon.network.mtprotosender - ERROR - Unhandled error while receiving data
Traceback (most recent call last):
  File "/usr/lib/python3.13/asyncio/queues.py", line 186, in get
    await getter
GeneratorExit

During handling of the above exception, another exception occurred:

Traceback (most recent call last):
  File "/home/nike/.local/lib/python3.13/site-packages/telethon/network/mtprotosender.py", line 507, in _recv_loop
    body = await self._connection.recv()
           ^^^^^^^^^^^^^^^^^^^^^^^^^^^^^
  File "/home/nike/.local/lib/python3.13/site-packages/telethon/network/connection/connection.py", line 308, in recv
    result, err = await self._recv_queue.get()
                  ^^^^^^^^^^^^^^^^^^^^^^^^^^^^
  File "/usr/lib/python3.13/asyncio/queues.py", line 188, in get
    getter.cancel()  # Just in case getter is not done yet.
    ~~~~~~~~~~~~~^^
  File "/usr/lib/python3.13/asyncio/base_events.py", line 833, in call_soon
    self._check_closed()
    ~~~~~~~~~~~~~~~~~~^^
  File "/usr/lib/python3.13/asyncio/base_events.py", line 556, in _check_closed
    raise RuntimeError('Event loop is closed')
RuntimeError: Event loop is closed
2025-10-14 00:44:09,427 - asyncio - ERROR - Task was destroyed but it is pending!
task: <Task pending name='Task-62' coro=<MTProtoSender._recv_loop() done, defined at /home/nike/.local/lib/python3.13/site-packages/telethon/network/mtprotosender.py:497> wait_for=<Future cancelled>>
2025-10-14 00:45:37,001 - enhanced_telegram_automation - INFO - Loaded 1 accounts from configuration
2025-10-14 00:45:37,002 - enhanced_telegram_automation - INFO - Smart delays: True, Operation delays: {'scrape': (0.1, 0.1), 'invite': (0.1, 0.1), 'message': (0.1, 0.1)}
2025-10-14 00:45:37,321 - matplotlib.category - INFO - Using categorical units to plot a list of strings that are all parsable as floats or dates. If these strings should be plotted as numbers, cast to the appropriate data type before plotting.
2025-10-14 00:45:37,322 - matplotlib.category - INFO - Using categorical units to plot a list of strings that are all parsable as floats or dates. If these strings should be plotted as numbers, cast to the appropriate data type before plotting.
2025-10-14 00:45:37,323 - matplotlib.category - INFO - Using categorical units to plot a list of strings that are all parsable as floats or dates. If these strings should be plotted as numbers, cast to the appropriate data type before plotting.
2025-10-14 00:45:37,324 - matplotlib.category - INFO - Using categorical units to plot a list of strings that are all parsable as floats or dates. If these strings should be plotted as numbers, cast to the appropriate data type before plotting.
2025-10-14 00:45:37,325 - matplotlib.category - INFO - Using categorical units to plot a list of strings that are all parsable as floats or dates. If these strings should be plotted as numbers, cast to the appropriate data type before plotting.
2025-10-14 00:45:37,326 - matplotlib.category - INFO - Using categorical units to plot a list of strings that are all parsable as floats or dates. If these strings should be plotted as numbers, cast to the appropriate data type before plotting.
2025-10-14 01:09:59,907 - enhanced_telegram_automation - INFO - Loaded 1 accounts from configuration
2025-10-14 01:09:59,908 - enhanced_telegram_automation - INFO - Smart delays: True, Operation delays: {'scrape': (0.1, 0.1), 'invite': (0.1, 0.1), 'message': (0.1, 0.1)}
2025-10-14 01:10:00,222 - matplotlib.category - INFO - Using categorical units to plot a list of strings that are all parsable as floats or dates. If these strings should be plotted as numbers, cast to the appropriate data type before plotting.
2025-10-14 01:10:00,224 - matplotlib.category - INFO - Using categorical units to plot a list of strings that are all parsable as floats or dates. If these strings should be plotted as numbers, cast to the appropriate data type before plotting.
2025-10-14 01:10:00,227 - matplotlib.category - INFO - Using categorical units to plot a list of strings that are all parsable as floats or dates. If these strings should be plotted as numbers, cast to the appropriate data type before plotting.
2025-10-14 01:10:00,228 - matplotlib.category - INFO - Using categorical units to plot a list of strings that are all parsable as floats or dates. If these strings should be plotted as numbers, cast to the appropriate data type before plotting.
2025-10-14 01:10:00,229 - matplotlib.category - INFO - Using categorical units to plot a list of strings that are all parsable as floats or dates. If these strings should be plotted as numbers, cast to the appropriate data type before plotting.
2025-10-14 01:10:00,230 - matplotlib.category - INFO - Using categorical units to plot a list of strings that are all parsable as floats or dates. If these strings should be plotted as numbers, cast to the appropriate data type before plotting.
2025-10-14 01:38:57,994 - __main__ - INFO - Loaded 1 accounts from configuration
2025-10-14 01:38:57,995 - __main__ - INFO - Smart delays: True, Operation delays: {'scrape': (0.1, 0.1), 'invite': (0.1, 0.1), 'message': (0.1, 0.1)}
2025-10-14 17:51:58,640 - enhanced_telegram_automation - INFO - Loaded 1 accounts from configuration
2025-10-14 17:51:58,640 - enhanced_telegram_automation - INFO - Smart delays: True, Operation delays: {'scrape': (0.1, 0.1), 'invite': (0.1, 0.1), 'message': (0.1, 0.1)}
2025-10-14 17:51:58,913 - matplotlib.category - INFO - Using categorical units to plot a list of strings that are all parsable as floats or dates. If these strings should be plotted as numbers, cast to the appropriate data type before plotting.
2025-10-14 17:51:58,915 - matplotlib.category - INFO - Using categorical units to plot a list of strings that are all parsable as floats or dates. If these strings should be plotted as numbers, cast to the appropriate data type before plotting.
2025-10-14 17:51:58,915 - matplotlib.category - INFO - Using categorical units to plot a list of strings that are all parsable as floats or dates. If these strings should be plotted as numbers, cast to the appropriate data type before plotting.
2025-10-14 17:51:58,916 - matplotlib.category - INFO - Using categorical units to plot a list of strings that are all parsable as floats or dates. If these strings should be plotted as numbers, cast to the appropriate data type before plotting.
2025-10-14 17:51:58,916 - matplotlib.category - INFO - Using categorical units to plot a list of strings that are all parsable as floats or dates. If these strings should be plotted as numbers, cast to the appropriate data type before plotting.
2025-10-14 17:51:58,917 - matplotlib.category - INFO - Using categorical units to plot a list of strings that are all parsable as floats or dates. If these strings should be plotted as numbers, cast to the appropriate data type before plotting.
2025-10-14 17:55:01,727 - enhanced_telegram_automation - INFO - Loaded 1 accounts from configuration
2025-10-14 17:55:01,727 - enhanced_telegram_automation - INFO - Smart delays: True, Operation delays: {'scrape': (0.1, 0.1), 'invite': (0.1, 0.1), 'message': (0.1, 0.1)}
2025-10-14 17:55:02,067 - matplotlib.category - INFO - Using categorical units to plot a list of strings that are all parsable as floats or dates. If these strings should be plotted as numbers, cast to the appropriate data type before plotting.
2025-10-14 17:55:02,068 - matplotlib.category - INFO - Using categorical units to plot a list of strings that are all parsable as floats or dates. If these strings should be plotted as numbers, cast to the appropriate data type before plotting.
2025-10-14 17:55:02,069 - matplotlib.category - INFO - Using categorical units to plot a list of strings that are all parsable as floats or dates. If these strings should be plotted as numbers, cast to the appropriate data type before plotting.
2025-10-14 17:55:02,070 - matplotlib.category - INFO - Using categorical units to plot a list of strings that are all parsable as floats or dates. If these strings should be plotted as numbers, cast to the appropriate data type before plotting.
2025-10-14 17:55:02,070 - matplotlib.category - INFO - Using categorical units to plot a list of strings that are all parsable as floats or dates. If these strings should be plotted as numbers, cast to the appropriate data type before plotting.
2025-10-14 17:55:02,071 - matplotlib.category - INFO - Using categorical units to plot a list of strings that are all parsable as floats or dates. If these strings should be plotted as numbers, cast to the appropriate data type before plotting.
2025-10-14 17:57:02,821 - enhanced_telegram_automation - INFO - Loaded 1 accounts from configuration
2025-10-14 17:57:02,821 - enhanced_telegram_automation - INFO - Smart delays: True, Operation delays: {'scrape': (0.1, 0.1), 'invite': (0.1, 0.1), 'message': (0.1, 0.1)}
2025-10-14 17:57:03,142 - matplotlib.category - INFO - Using categorical units to plot a list of strings that are all parsable as floats or dates. If these strings should be plotted as numbers, cast to the appropriate data type before plotting.
2025-10-14 17:57:03,143 - matplotlib.category - INFO - Using categorical units to plot a list of strings that are all parsable as floats or dates. If these strings should be plotted as numbers, cast to the appropriate data type before plotting.
2025-10-14 17:57:03,144 - matplotlib.category - INFO - Using categorical units to plot a list of strings that are all parsable as floats or dates. If these strings should be plotted as numbers, cast to the appropriate data type before plotting.
2025-10-14 17:57:03,144 - matplotlib.category - INFO - Using categorical units to plot a list of strings that are all parsable as floats or dates. If these strings should be plotted as numbers, cast to the appropriate data type before plotting.
2025-10-14 17:57:03,145 - matplotlib.category - INFO - Using categorical units to plot a list of strings that are all parsable as floats or dates. If these strings should be plotted as numbers, cast to the appropriate data type before plotting.
2025-10-14 17:57:03,146 - matplotlib.category - INFO - Using categorical units to plot a list of strings that are all parsable as floats or dates. If these strings should be plotted as numbers, cast to the appropriate data type before plotting.
2025-10-14 17:59:03,154 - enhanced_telegram_automation - INFO - Loaded 1 accounts from configuration
2025-10-14 17:59:03,154 - enhanced_telegram_automation - INFO - Smart delays: True, Operation delays: {'scrape': (0.1, 0.1), 'invite': (0.1, 0.1), 'message': (0.1, 0.1)}
2025-10-14 17:59:03,467 - matplotlib.category - INFO - Using categorical units to plot a list of strings that are all parsable as floats or dates. If these strings should be plotted as numbers, cast to the appropriate data type before plotting.
2025-10-14 17:59:03,468 - matplotlib.category - INFO - Using categorical units to plot a list of strings that are all parsable as floats or dates. If these strings should be plotted as numbers, cast to the appropriate data type before plotting.
2025-10-14 17:59:03,469 - matplotlib.category - INFO - Using categorical units to plot a list of strings that are all parsable as floats or dates. If these strings should be plotted as numbers, cast to the appropriate data type before plotting.
2025-10-14 17:59:03,470 - matplotlib.category - INFO - Using categorical units to plot a list of strings that are all parsable as floats or dates. If these strings should be plotted as numbers, cast to the appropriate data type before plotting.
2025-10-14 17:59:03,470 - matplotlib.category - INFO - Using categorical units to plot a list of strings that are all parsable as floats or dates. If these strings should be plotted as numbers, cast to the appropriate data type before plotting.
2025-10-14 17:59:03,471 - matplotlib.category - INFO - Using categorical units to plot a list of strings that are all parsable as floats or dates. If these strings should be plotted as numbers, cast to the appropriate data type before plotting.
